// Jest Snapshot v1, https://goo.gl/fbAQLP

exports[`Palette has a color array of the correct length of White 1`] = `
Array [
  Color {
    "_blue": 255,
    "_green": 255,
    "_hex": "#FFFFFF",
    "_red": 255,
    "threeBitScale": Array [
      0,
      36,
      73,
      109,
      146,
      182,
      219,
      255,
    ],
    "twoBitScale": Array [
      0,
      85,
      170,
      255,
    ],
  },
  Color {
    "_blue": 255,
    "_green": 255,
    "_hex": "#FFFFFF",
    "_red": 255,
    "threeBitScale": Array [
      0,
      36,
      73,
      109,
      146,
      182,
      219,
      255,
    ],
    "twoBitScale": Array [
      0,
      85,
      170,
      255,
    ],
  },
  Color {
    "_blue": 255,
    "_green": 255,
    "_hex": "#FFFFFF",
    "_red": 255,
    "threeBitScale": Array [
      0,
      36,
      73,
      109,
      146,
      182,
      219,
      255,
    ],
    "twoBitScale": Array [
      0,
      85,
      170,
      255,
    ],
  },
  Color {
    "_blue": 255,
    "_green": 255,
    "_hex": "#FFFFFF",
    "_red": 255,
    "threeBitScale": Array [
      0,
      36,
      73,
      109,
      146,
      182,
      219,
      255,
    ],
    "twoBitScale": Array [
      0,
      85,
      170,
      255,
    ],
  },
  Color {
    "_blue": 255,
    "_green": 255,
    "_hex": "#FFFFFF",
    "_red": 255,
    "threeBitScale": Array [
      0,
      36,
      73,
      109,
      146,
      182,
      219,
      255,
    ],
    "twoBitScale": Array [
      0,
      85,
      170,
      255,
    ],
  },
  Color {
    "_blue": 255,
    "_green": 255,
    "_hex": "#FFFFFF",
    "_red": 255,
    "threeBitScale": Array [
      0,
      36,
      73,
      109,
      146,
      182,
      219,
      255,
    ],
    "twoBitScale": Array [
      0,
      85,
      170,
      255,
    ],
  },
  Color {
    "_blue": 255,
    "_green": 255,
    "_hex": "#FFFFFF",
    "_red": 255,
    "threeBitScale": Array [
      0,
      36,
      73,
      109,
      146,
      182,
      219,
      255,
    ],
    "twoBitScale": Array [
      0,
      85,
      170,
      255,
    ],
  },
  Color {
    "_blue": 255,
    "_green": 255,
    "_hex": "#FFFFFF",
    "_red": 255,
    "threeBitScale": Array [
      0,
      36,
      73,
      109,
      146,
      182,
      219,
      255,
    ],
    "twoBitScale": Array [
      0,
      85,
      170,
      255,
    ],
  },
  Color {
    "_blue": 255,
    "_green": 255,
    "_hex": "#FFFFFF",
    "_red": 255,
    "threeBitScale": Array [
      0,
      36,
      73,
      109,
      146,
      182,
      219,
      255,
    ],
    "twoBitScale": Array [
      0,
      85,
      170,
      255,
    ],
  },
  Color {
    "_blue": 255,
    "_green": 255,
    "_hex": "#FFFFFF",
    "_red": 255,
    "threeBitScale": Array [
      0,
      36,
      73,
      109,
      146,
      182,
      219,
      255,
    ],
    "twoBitScale": Array [
      0,
      85,
      170,
      255,
    ],
  },
  Color {
    "_blue": 255,
    "_green": 255,
    "_hex": "#FFFFFF",
    "_red": 255,
    "threeBitScale": Array [
      0,
      36,
      73,
      109,
      146,
      182,
      219,
      255,
    ],
    "twoBitScale": Array [
      0,
      85,
      170,
      255,
    ],
  },
  Color {
    "_blue": 255,
    "_green": 255,
    "_hex": "#FFFFFF",
    "_red": 255,
    "threeBitScale": Array [
      0,
      36,
      73,
      109,
      146,
      182,
      219,
      255,
    ],
    "twoBitScale": Array [
      0,
      85,
      170,
      255,
    ],
  },
  Color {
    "_blue": 255,
    "_green": 255,
    "_hex": "#FFFFFF",
    "_red": 255,
    "threeBitScale": Array [
      0,
      36,
      73,
      109,
      146,
      182,
      219,
      255,
    ],
    "twoBitScale": Array [
      0,
      85,
      170,
      255,
    ],
  },
  Color {
    "_blue": 255,
    "_green": 255,
    "_hex": "#FFFFFF",
    "_red": 255,
    "threeBitScale": Array [
      0,
      36,
      73,
      109,
      146,
      182,
      219,
      255,
    ],
    "twoBitScale": Array [
      0,
      85,
      170,
      255,
    ],
  },
  Color {
    "_blue": 255,
    "_green": 255,
    "_hex": "#FFFFFF",
    "_red": 255,
    "threeBitScale": Array [
      0,
      36,
      73,
      109,
      146,
      182,
      219,
      255,
    ],
    "twoBitScale": Array [
      0,
      85,
      170,
      255,
    ],
  },
  Color {
    "_blue": 255,
    "_green": 255,
    "_hex": "#FFFFFF",
    "_red": 255,
    "threeBitScale": Array [
      0,
      36,
      73,
      109,
      146,
      182,
      219,
      255,
    ],
    "twoBitScale": Array [
      0,
      85,
      170,
      255,
    ],
  },
]
`;

exports[`Palette rejects invalid index 1`] = `
Array [
  Color {
    "_blue": 255,
    "_green": 255,
    "_hex": "#FFFFFF",
    "_red": 255,
    "threeBitScale": Array [
      0,
      36,
      73,
      109,
      146,
      182,
      219,
      255,
    ],
    "twoBitScale": Array [
      0,
      85,
      170,
      255,
    ],
  },
  Color {
    "_blue": 255,
    "_green": 255,
    "_hex": "#FFFFFF",
    "_red": 255,
    "threeBitScale": Array [
      0,
      36,
      73,
      109,
      146,
      182,
      219,
      255,
    ],
    "twoBitScale": Array [
      0,
      85,
      170,
      255,
    ],
  },
  Color {
    "_blue": 255,
    "_green": 255,
    "_hex": "#FFFFFF",
    "_red": 255,
    "threeBitScale": Array [
      0,
      36,
      73,
      109,
      146,
      182,
      219,
      255,
    ],
    "twoBitScale": Array [
      0,
      85,
      170,
      255,
    ],
  },
  Color {
    "_blue": 255,
    "_green": 255,
    "_hex": "#FFFFFF",
    "_red": 255,
    "threeBitScale": Array [
      0,
      36,
      73,
      109,
      146,
      182,
      219,
      255,
    ],
    "twoBitScale": Array [
      0,
      85,
      170,
      255,
    ],
  },
  Color {
    "_blue": 255,
    "_green": 255,
    "_hex": "#FFFFFF",
    "_red": 255,
    "threeBitScale": Array [
      0,
      36,
      73,
      109,
      146,
      182,
      219,
      255,
    ],
    "twoBitScale": Array [
      0,
      85,
      170,
      255,
    ],
  },
  Color {
    "_blue": 255,
    "_green": 255,
    "_hex": "#FFFFFF",
    "_red": 255,
    "threeBitScale": Array [
      0,
      36,
      73,
      109,
      146,
      182,
      219,
      255,
    ],
    "twoBitScale": Array [
      0,
      85,
      170,
      255,
    ],
  },
  Color {
    "_blue": 255,
    "_green": 255,
    "_hex": "#FFFFFF",
    "_red": 255,
    "threeBitScale": Array [
      0,
      36,
      73,
      109,
      146,
      182,
      219,
      255,
    ],
    "twoBitScale": Array [
      0,
      85,
      170,
      255,
    ],
  },
  Color {
    "_blue": 255,
    "_green": 255,
    "_hex": "#FFFFFF",
    "_red": 255,
    "threeBitScale": Array [
      0,
      36,
      73,
      109,
      146,
      182,
      219,
      255,
    ],
    "twoBitScale": Array [
      0,
      85,
      170,
      255,
    ],
  },
  Color {
    "_blue": 255,
    "_green": 255,
    "_hex": "#FFFFFF",
    "_red": 255,
    "threeBitScale": Array [
      0,
      36,
      73,
      109,
      146,
      182,
      219,
      255,
    ],
    "twoBitScale": Array [
      0,
      85,
      170,
      255,
    ],
  },
  Color {
    "_blue": 255,
    "_green": 255,
    "_hex": "#FFFFFF",
    "_red": 255,
    "threeBitScale": Array [
      0,
      36,
      73,
      109,
      146,
      182,
      219,
      255,
    ],
    "twoBitScale": Array [
      0,
      85,
      170,
      255,
    ],
  },
  Color {
    "_blue": 255,
    "_green": 255,
    "_hex": "#FFFFFF",
    "_red": 255,
    "threeBitScale": Array [
      0,
      36,
      73,
      109,
      146,
      182,
      219,
      255,
    ],
    "twoBitScale": Array [
      0,
      85,
      170,
      255,
    ],
  },
  Color {
    "_blue": 255,
    "_green": 255,
    "_hex": "#FFFFFF",
    "_red": 255,
    "threeBitScale": Array [
      0,
      36,
      73,
      109,
      146,
      182,
      219,
      255,
    ],
    "twoBitScale": Array [
      0,
      85,
      170,
      255,
    ],
  },
  Color {
    "_blue": 255,
    "_green": 255,
    "_hex": "#FFFFFF",
    "_red": 255,
    "threeBitScale": Array [
      0,
      36,
      73,
      109,
      146,
      182,
      219,
      255,
    ],
    "twoBitScale": Array [
      0,
      85,
      170,
      255,
    ],
  },
  Color {
    "_blue": 255,
    "_green": 255,
    "_hex": "#FFFFFF",
    "_red": 255,
    "threeBitScale": Array [
      0,
      36,
      73,
      109,
      146,
      182,
      219,
      255,
    ],
    "twoBitScale": Array [
      0,
      85,
      170,
      255,
    ],
  },
  Color {
    "_blue": 255,
    "_green": 255,
    "_hex": "#FFFFFF",
    "_red": 255,
    "threeBitScale": Array [
      0,
      36,
      73,
      109,
      146,
      182,
      219,
      255,
    ],
    "twoBitScale": Array [
      0,
      85,
      170,
      255,
    ],
  },
  Color {
    "_blue": 255,
    "_green": 255,
    "_hex": "#FFFFFF",
    "_red": 255,
    "threeBitScale": Array [
      0,
      36,
      73,
      109,
      146,
      182,
      219,
      255,
    ],
    "twoBitScale": Array [
      0,
      85,
      170,
      255,
    ],
  },
]
`;

exports[`Palette updates valid index 1`] = `
Array [
  Color {
    "_blue": 255,
    "_green": 255,
    "_hex": "#FFFFFF",
    "_red": 255,
    "threeBitScale": Array [
      0,
      36,
      73,
      109,
      146,
      182,
      219,
      255,
    ],
    "twoBitScale": Array [
      0,
      85,
      170,
      255,
    ],
  },
  Color {
    "_blue": 255,
    "_green": 255,
    "_hex": "#FFFFFF",
    "_red": 255,
    "threeBitScale": Array [
      0,
      36,
      73,
      109,
      146,
      182,
      219,
      255,
    ],
    "twoBitScale": Array [
      0,
      85,
      170,
      255,
    ],
  },
  Color {
    "_blue": 255,
    "_green": 255,
    "_hex": "#FFFFFF",
    "_red": 255,
    "threeBitScale": Array [
      0,
      36,
      73,
      109,
      146,
      182,
      219,
      255,
    ],
    "twoBitScale": Array [
      0,
      85,
      170,
      255,
    ],
  },
  Color {
    "_blue": 0,
    "_green": 0,
    "_hex": "#000000",
    "_red": 0,
    "threeBitScale": Array [
      0,
      36,
      73,
      109,
      146,
      182,
      219,
      255,
    ],
    "twoBitScale": Array [
      0,
      85,
      170,
      255,
    ],
  },
  Color {
    "_blue": 255,
    "_green": 255,
    "_hex": "#FFFFFF",
    "_red": 255,
    "threeBitScale": Array [
      0,
      36,
      73,
      109,
      146,
      182,
      219,
      255,
    ],
    "twoBitScale": Array [
      0,
      85,
      170,
      255,
    ],
  },
  Color {
    "_blue": 255,
    "_green": 255,
    "_hex": "#FFFFFF",
    "_red": 255,
    "threeBitScale": Array [
      0,
      36,
      73,
      109,
      146,
      182,
      219,
      255,
    ],
    "twoBitScale": Array [
      0,
      85,
      170,
      255,
    ],
  },
  Color {
    "_blue": 255,
    "_green": 255,
    "_hex": "#FFFFFF",
    "_red": 255,
    "threeBitScale": Array [
      0,
      36,
      73,
      109,
      146,
      182,
      219,
      255,
    ],
    "twoBitScale": Array [
      0,
      85,
      170,
      255,
    ],
  },
  Color {
    "_blue": 255,
    "_green": 255,
    "_hex": "#FFFFFF",
    "_red": 255,
    "threeBitScale": Array [
      0,
      36,
      73,
      109,
      146,
      182,
      219,
      255,
    ],
    "twoBitScale": Array [
      0,
      85,
      170,
      255,
    ],
  },
  Color {
    "_blue": 255,
    "_green": 255,
    "_hex": "#FFFFFF",
    "_red": 255,
    "threeBitScale": Array [
      0,
      36,
      73,
      109,
      146,
      182,
      219,
      255,
    ],
    "twoBitScale": Array [
      0,
      85,
      170,
      255,
    ],
  },
  Color {
    "_blue": 255,
    "_green": 255,
    "_hex": "#FFFFFF",
    "_red": 255,
    "threeBitScale": Array [
      0,
      36,
      73,
      109,
      146,
      182,
      219,
      255,
    ],
    "twoBitScale": Array [
      0,
      85,
      170,
      255,
    ],
  },
  Color {
    "_blue": 255,
    "_green": 255,
    "_hex": "#FFFFFF",
    "_red": 255,
    "threeBitScale": Array [
      0,
      36,
      73,
      109,
      146,
      182,
      219,
      255,
    ],
    "twoBitScale": Array [
      0,
      85,
      170,
      255,
    ],
  },
  Color {
    "_blue": 255,
    "_green": 255,
    "_hex": "#FFFFFF",
    "_red": 255,
    "threeBitScale": Array [
      0,
      36,
      73,
      109,
      146,
      182,
      219,
      255,
    ],
    "twoBitScale": Array [
      0,
      85,
      170,
      255,
    ],
  },
  Color {
    "_blue": 255,
    "_green": 255,
    "_hex": "#FFFFFF",
    "_red": 255,
    "threeBitScale": Array [
      0,
      36,
      73,
      109,
      146,
      182,
      219,
      255,
    ],
    "twoBitScale": Array [
      0,
      85,
      170,
      255,
    ],
  },
  Color {
    "_blue": 255,
    "_green": 255,
    "_hex": "#FFFFFF",
    "_red": 255,
    "threeBitScale": Array [
      0,
      36,
      73,
      109,
      146,
      182,
      219,
      255,
    ],
    "twoBitScale": Array [
      0,
      85,
      170,
      255,
    ],
  },
  Color {
    "_blue": 255,
    "_green": 255,
    "_hex": "#FFFFFF",
    "_red": 255,
    "threeBitScale": Array [
      0,
      36,
      73,
      109,
      146,
      182,
      219,
      255,
    ],
    "twoBitScale": Array [
      0,
      85,
      170,
      255,
    ],
  },
  Color {
    "_blue": 255,
    "_green": 255,
    "_hex": "#FFFFFF",
    "_red": 255,
    "threeBitScale": Array [
      0,
      36,
      73,
      109,
      146,
      182,
      219,
      255,
    ],
    "twoBitScale": Array [
      0,
      85,
      170,
      255,
    ],
  },
]
`;
